// Jest Snapshot v1, https://goo.gl/fbAQLP

exports[`<ViewCarRow /> Enzyme Static HTML <ViewCarRow /> renders 1`] = `"\\"<tbody><tr><td>1</td><td>Ford</td><td>F-150</td><td>1980</td><td>red</td><td>42000</td><td><div role=\\\\\\"group\\\\\\" class=\\\\\\"btn-group\\\\\\"><button type=\\\\\\"button\\\\\\" class=\\\\\\"btn btn-info\\\\\\">Edit</button><button type=\\\\\\"button\\\\\\" class=\\\\\\"btn btn-danger\\\\\\">Delete</button></div></td></tr></tbody>\\""`;
